.next/types/app/matching-demo/page.ts(2,24): error TS2307: Cannot find module '../../../../src/app/matching-demo/page.js' or its corresponding type declarations.
.next/types/app/matching-demo/page.ts(5,29): error TS2307: Cannot find module '../../../../src/app/matching-demo/page.js' or its corresponding type declarations.
src/services/sessionService.ts(28,27): error TS18047: 'result' is possibly 'null'.
